<html>
<body>
<pre>
<h1>µVision Build Log</h1>
<h2>Tool Versions:</h2>
IDE-Version: µVision V5.35.0.0
Copyright (C) 2021 ARM Ltd and ARM Germany GmbH. All rights reserved.
License Information: Tufts EECS, Tufts University, LIC=----
 
Tool Versions:
Toolchain:       MDK-Lite  Version: 5.35.0.2
Toolchain Path:  c:\Keil_v5\ARM\ARMCLANG\Bin
C Compiler:      ArmClang.exe V6.16
Assembler:       Armasm.exe V6.16
Linker/Locator:  ArmLink.exe V6.16
Library Manager: ArmAr.exe V6.16
Hex Converter:   FromElf.exe V6.16
CPU DLL:         SARMCM3.DLL V5.35.0.2
Dialog DLL:      DCM.DLL V1.17.3.0
Target DLL:      STLink\ST-LINKIII-KEIL_SWO.dll V3.0.9.0
Dialog DLL:      TCM.DLL V1.53.0.0
 
<h2>Project:</h2>
Z:\ee14\fp\pain.uvprojx
Project File Date:  04/24/2024

<h2>Output:</h2>
*** Using Compiler 'V6.16', folder: 'c:\Keil_v5\ARM\ARMCLANG\Bin'
Build target 'Target 1'
RTE/Device/STM32L476VGTx/STCubeGenerated/Src/main.c(20): warning: In file included from...
./RTE/Device/STM32L476VGTx/STCubeGenerated/Inc\main.h(30): warning: In file included from...
c:/Keil_v5/ARM/PACK/Keil/STM32L4xx_DFP/2.6.2/Drivers/STM32L4xx_HAL_Driver/Inc\stm32l4xx_hal.h(30): warning: In file included from...
./RTE/Device/STM32L476VGTx/STCubeGenerated/Inc\stm32l4xx_hal_conf.h(342): warning: In file included from...
c:/Keil_v5/ARM/PACK/Keil/STM32L4xx_DFP/2.6.2/Drivers/STM32L4xx_HAL_Driver/Inc\stm32l4xx_hal_i2c.h(215): warning: padding struct 'struct __I2C_HandleTypeDef' with 1 byte to align 'ErrorCode' [-Wpadded]
  __IO uint32_t              ErrorCode;      /*!< I2C Error code                            */
                             ^
RTE/Device/STM32L476VGTx/STCubeGenerated/Src/main.c(237): warning: function 'Error_Handler' could be declared with attribute 'noreturn' [-Wmissing-noreturn]
{
^
RTE/Device/STM32L476VGTx/STCubeGenerated/Src/main.c(44): warning: no previous extern declaration for non-static variable 'hi2c1' [-Wmissing-variable-declarations]
I2C_HandleTypeDef hi2c1;
                  ^
RTE/Device/STM32L476VGTx/STCubeGenerated/Src/main.c(44): note: declare 'static' if the variable is not intended to be used outside of this translation unit
I2C_HandleTypeDef hi2c1;
^
RTE/Device/STM32L476VGTx/STCubeGenerated/Src/main.c(20): warning: In file included from...
./RTE/Device/STM32L476VGTx/STCubeGenerated/Inc\main.h(30): warning: In file included from...
c:/Keil_v5/ARM/PACK/Keil/STM32L4xx_DFP/2.6.2/Drivers/STM32L4xx_HAL_Driver/Inc\stm32l4xx_hal.h(30): warning: In file included from...
./RTE/Device/STM32L476VGTx/STCubeGenerated/Inc\stm32l4xx_hal_conf.h(266): warning: In file included from...
c:/Keil_v5/ARM/PACK/Keil/STM32L4xx_DFP/2.6.2/Drivers/STM32L4xx_HAL_Driver/Inc\stm32l4xx_hal_dma.h(123): warning: padding struct 'struct __DMA_HandleTypeDef' with 2 bytes to align 'Parent' [-Wpadded]
  void                  *Parent;                                                        /*!< Parent object state                  */
                         ^
4 warnings generated.
compiling main.c...
linking...
Program Size: Code=11198 RO-data=490 RW-data=12 ZI-data=1712  
FromELF: creating hex file...
".\Objects\pain.axf" - 0 Error(s), 4 Warning(s).

<h2>Software Packages used:</h2>

Package Vendor: ARM
                https://www.keil.com/pack/ARM.CMSIS.6.0.0.pack
                ARM.CMSIS.6.0.0
                CMSIS (Common Microcontroller Software Interface Standard)
   * Component: CORE Version: 6.0.0

Package Vendor: Keil
                project-path/Keil.FrameworkCubeMX.1.0.0.pack
                Keil.FrameworkCubeMX.1.0.0
                STM32CubeMX generated pack description
   * Component: STM32CubeMX Version: 1.1.0

Package Vendor: Keil
                https://www.keil.com/pack/Keil.STM32L4xx_DFP.2.6.2.pack
                Keil.STM32L4xx_DFP.2.6.2
                STMicroelectronics STM32L4 Series Device Support, Drivers and Examples
   * Component: STM32Cube Framework Version: 1.1.0
   * Component: Common Version: 1.13.0
   * Component: Cortex Version: 1.13.0
   * Component: DMA Version: 1.13.0
   * Component: GPIO Version: 1.13.0
   * Component: I2C Version: 1.13.0
   * Component: PWR Version: 1.13.0
   * Component: RCC Version: 1.13.0
   * Component: Startup Version: 1.3.1

<h2>Collection of Component include folders:</h2>
  .\RTE\Device\STM32L476VGTx
  .\RTE\Device\STM32L476VGTx\STCubeGenerated
  .\RTE\Device\STM32L476VGTx\STCubeGenerated\Inc
  .\RTE\_Target_1
  c:\Keil_v5\ARM\PACK\ARM\CMSIS\6.0.0\CMSIS\Core\Include
  c:\Keil_v5\ARM\PACK\Keil\STM32L4xx_DFP\2.6.2\Drivers\CMSIS\Device\ST\STM32L4xx\Include
  c:\Keil_v5\ARM\PACK\Keil\STM32L4xx_DFP\2.6.2\Drivers\STM32L4xx_HAL_Driver\Inc
  c:\Keil_v5\ARM\PACK\Keil\STM32L4xx_DFP\2.6.2\Drivers\STM32L4xx_HAL_Driver\Inc\Legacy

<h2>Collection of Component Files used:</h2>

   * Component: ::Device:STM32Cube Framework:1.1.0 (API)

   * Component: ARM::CMSIS:CORE:6.0.0

   * Component: Keil::Device:STM32Cube Framework:STM32CubeMX:1.1.0
      Include file:  MX_Device.h
      Include file:  STCubeGenerated\Inc\stm32l4xx_hal_conf.h
      Source file:   STCubeGenerated\Src\stm32l4xx_hal_msp.c

   * Component: Keil::Device:STM32Cube HAL:Common:1.13.0
      Source file:   Drivers\STM32L4xx_HAL_Driver\Src\stm32l4xx_hal.c
      Include file:  Drivers\STM32L4xx_HAL_Driver\Inc\stm32l4xx_hal.h

   * Component: Keil::Device:STM32Cube HAL:Cortex:1.13.0
      Source file:   Drivers\STM32L4xx_HAL_Driver\Src\stm32l4xx_hal_cortex.c

   * Component: Keil::Device:STM32Cube HAL:DMA:1.13.0
      Source file:   Drivers\STM32L4xx_HAL_Driver\Src\stm32l4xx_hal_dma_ex.c
      Source file:   Drivers\STM32L4xx_HAL_Driver\Src\stm32l4xx_hal_dma.c

   * Component: Keil::Device:STM32Cube HAL:GPIO:1.13.0
      Source file:   Drivers\STM32L4xx_HAL_Driver\Src\stm32l4xx_hal_gpio.c

   * Component: Keil::Device:STM32Cube HAL:I2C:1.13.0
      Source file:   Drivers\STM32L4xx_HAL_Driver\Src\stm32l4xx_hal_i2c_ex.c
      Source file:   Drivers\STM32L4xx_HAL_Driver\Src\stm32l4xx_hal_i2c.c

   * Component: Keil::Device:STM32Cube HAL:PWR:1.13.0
      Source file:   Drivers\STM32L4xx_HAL_Driver\Src\stm32l4xx_hal_pwr_ex.c
      Source file:   Drivers\STM32L4xx_HAL_Driver\Src\stm32l4xx_hal_pwr.c

   * Component: Keil::Device:STM32Cube HAL:RCC:1.13.0
      Source file:   Drivers\STM32L4xx_HAL_Driver\Src\stm32l4xx_hal_rcc.c
      Source file:   Drivers\STM32L4xx_HAL_Driver\Src\stm32l4xx_hal_rcc_ex.c

   * Component: Keil::Device:Startup:1.3.1
      Source file:   MDK\Device\Source\ARM\STM32L4xx_DB_OPT.s
      Source file:   Drivers\CMSIS\Device\ST\STM32L4xx\Source\Templates\arm\startup_stm32l476xx.s
      Include file:  Drivers\CMSIS\Device\ST\STM32L4xx\Include\stm32l4xx.h
      Source file:   Drivers\CMSIS\Device\ST\STM32L4xx\Source\Templates\system_stm32l4xx.c
Build Time Elapsed:  00:00:01
</pre>
</body>
</html>
